# Домашнее задание к занятию "3.5. Файловые системы"

1. Узнайте о [sparse](https://ru.wikipedia.org/wiki/%D0%A0%D0%B0%D0%B7%D1%80%D0%B5%D0%B6%D1%91%D0%BD%D0%BD%D1%8B%D0%B9_%D1%84%D0%B0%D0%B9%D0%BB) (разряженных) файлах.

	*Разрежённый файл (англ. sparse file) — файл, в котором последовательности нулевых байтов заменены на информацию об этих последовательностях (список дыр).*

1. Могут ли файлы, являющиеся жесткой ссылкой на один объект, иметь разные права доступа и владельца? Почему?
	
	*Не могут, так как все жесткие ссылки на объект имеют общий индексный дескриптор(inode) в который в том числе "зашита" информация об владельце и правах доступа.*

1. Сделайте `vagrant destroy` на имеющийся инстанс Ubuntu. Замените содержимое Vagrantfile следующим:

    ```bash
    Vagrant.configure("2") do |config|
      config.vm.box = "bento/ubuntu-20.04"
      config.vm.provider :virtualbox do |vb|
        lvm_experiments_disk0_path = "/tmp/lvm_experiments_disk0.vmdk"
        lvm_experiments_disk1_path = "/tmp/lvm_experiments_disk1.vmdk"
        vb.customize ['createmedium', '--filename', lvm_experiments_disk0_path, '--size', 2560]
        vb.customize ['createmedium', '--filename', lvm_experiments_disk1_path, '--size', 2560]
        vb.customize ['storageattach', :id, '--storagectl', 'SATA Controller', '--port', 1, '--device', 0, '--type', 'hdd', '--medium', lvm_experiments_disk0_path]
        vb.customize ['storageattach', :id, '--storagectl', 'SATA Controller', '--port', 2, '--device', 0, '--type', 'hdd', '--medium', lvm_experiments_disk1_path]
      end
    end
    ```

    Данная конфигурация создаст новую виртуальную машину с двумя дополнительными неразмеченными дисками по 2.5 Гб.
	
	*Запустил машину с новой конфигурацией*

1. Используя `fdisk`, разбейте первый диск на 2 раздела: 2 Гб, оставшееся пространство.
	```
	root@vagrant:~# fdisk /dev/sdb

	Welcome to fdisk (util-linux 2.34).
	Changes will remain in memory only, until you decide to write them.
	Be careful before using the write command.

	Device does not contain a recognized partition table.
	Created a new DOS disklabel with disk identifier 0x2e4f0e80.

	Command (m for help): n
	Partition type
	   p   primary (0 primary, 0 extended, 4 free)
	   e   extended (container for logical partitions)
	Select (default p):

	Using default response p.
	Partition number (1-4, default 1):
	First sector (2048-5242879, default 2048):
	Last sector, +/-sectors or +/-size{K,M,G,T,P} (2048-5242879, default 5242879): +2G

	Created a new partition 1 of type 'Linux' and of size 2 GiB.

	Command (m for help): n
	Partition type
	   p   primary (1 primary, 0 extended, 3 free)
	   e   extended (container for logical partitions)
	Select (default p):

	Using default response p.
	Partition number (2-4, default 2):
	First sector (4196352-5242879, default 4196352):
	Last sector, +/-sectors or +/-size{K,M,G,T,P} (4196352-5242879, default 5242879):

	Created a new partition 2 of type 'Linux' and of size 511 MiB.

	Command (m for help): w
	The partition table has been altered.
	Calling ioctl() to re-read partition table.
	Syncing disks.

	root@vagrant:~# fdisk -l /dev/sdb
	Disk /dev/sdb: 2.51 GiB, 2684354560 bytes, 5242880 sectors
	Disk model: VBOX HARDDISK
	Units: sectors of 1 * 512 = 512 bytes
	Sector size (logical/physical): 512 bytes / 512 bytes
	I/O size (minimum/optimal): 512 bytes / 512 bytes
	Disklabel type: dos
	Disk identifier: 0x2e4f0e80

	Device     Boot   Start     End Sectors  Size Id Type
	/dev/sdb1          2048 4196351 4194304    2G 83 Linux
	/dev/sdb2       4196352 5242879 1046528  511M 83 Linux
	```

1. Используя `sfdisk`, перенесите данную таблицу разделов на второй диск.
	```
	root@vagrant:~# sfdisk -d /dev/sdb |  sfdisk   /dev/sdc
	Checking that no-one is using this disk right now ... OK

	Disk /dev/sdc: 2.51 GiB, 2684354560 bytes, 5242880 sectors
	Disk model: VBOX HARDDISK
	Units: sectors of 1 * 512 = 512 bytes
	Sector size (logical/physical): 512 bytes / 512 bytes
	I/O size (minimum/optimal): 512 bytes / 512 bytes

	>>> Script header accepted.
	>>> Script header accepted.
	>>> Script header accepted.
	>>> Script header accepted.
	>>> Created a new DOS disklabel with disk identifier 0x2e4f0e80.
	/dev/sdc1: Created a new partition 1 of type 'Linux' and of size 2 GiB.
	/dev/sdc2: Created a new partition 2 of type 'Linux' and of size 511 MiB.
	/dev/sdc3: Done.

	New situation:
	Disklabel type: dos
	Disk identifier: 0x2e4f0e80

	Device     Boot   Start     End Sectors  Size Id Type
	/dev/sdc1          2048 4196351 4194304    2G 83 Linux
	/dev/sdc2       4196352 5242879 1046528  511M 83 Linux

	The partition table has been altered.
	Calling ioctl() to re-read partition table.
	Syncing disks.
	```

1. Соберите `mdadm` RAID1 на паре разделов 2 Гб.
	```
	 /dev/md0 --level=1 --raid-devices=2 /dev/sd[bc]1
	mdadm: Note: this array has metadata at the start and
		may not be suitable as a boot device.  If you plan to
		store '/boot' on this device please ensure that
		your boot-loader understands md/v1.x metadata, or use
		--metadata=0.90
	Continue creating array? y
	mdadm: Defaulting to version 1.2 metadata
	mdadm: array /dev/md0 started.
	```
1. Соберите `mdadm` RAID0 на второй паре маленьких разделов.
	```
	root@vagrant:~# mdadm --create /dev/md1 --level=0 --raid-devices=2 /dev/sd[bc]2
	mdadm: Defaulting to version 1.2 metadata
	mdadm: array /dev/md1 started.
	```

1. Создайте 2 независимых PV на получившихся md-устройствах.
	```
	root@vagrant:~# pvcreate /dev/md0
	  Physical volume "/dev/md0" successfully created.
	root@vagrant:~# pvcreate /dev/md1
	  Physical volume "/dev/md1" successfully created.
	root@vagrant:~#
	```

1. Создайте общую volume-group на этих двух PV.
	```
	root@vagrant:~#  vgcreate VG_netologi /dev/md[01]
	Volume group "VG_netologi" successfully created
	```

1. Создайте LV размером 100 Мб, указав его расположение на PV с RAID0.
	```
	root@vagrant:~# lvcreate -L100  VG_netologi -n LV_test /dev/md1
	  Logical volume "LV_test" created.

	```

1. Создайте `mkfs.ext4` ФС на получившемся LV.
	```
	root@vagrant:~# mkfs.ext4 /dev/VG_netologi/LV_test
	mke2fs 1.45.5 (07-Jan-2020)
	Creating filesystem with 25600 4k blocks and 25600 inodes

	Allocating group tables: done
	Writing inode tables: done
	Creating journal (1024 blocks): done
	Writing superblocks and filesystem accounting information: done
	```

1. Смонтируйте этот раздел в любую директорию, например, `/tmp/new`.
	```
	root@vagrant:~# mount /dev/VG_netologi/LV_test /tmp/new
	root@vagrant:~# df -h
	Filesystem                       Size  Used Avail Use% Mounted on
	udev                             447M     0  447M   0% /dev
	tmpfs                             99M  700K   98M   1% /run
	/dev/mapper/vgvagrant-root        62G  1.5G   57G   3% /
	tmpfs                            491M     0  491M   0% /dev/shm
	tmpfs                            5.0M     0  5.0M   0% /run/lock
	tmpfs                            491M     0  491M   0% /sys/fs/cgroup
	/dev/sda1                        511M  4.0K  511M   1% /boot/efi
	vagrant                          461G  250G  211G  55% /vagrant
	tmpfs                             99M     0   99M   0% /run/user/1000
	/dev/mapper/VG_netologi-LV_test   93M   72K   86M   1% /tmp/new
	```

1. Поместите туда тестовый файл, например `wget https://mirror.yandex.ru/ubuntu/ls-lR.gz -O /tmp/new/test.gz`.
	```
	root@vagrant:~# wget https://mirror.yandex.ru/ubuntu/ls-lR.gz -O /tmp/new/test.gz --no-check-certificate
	--2021-11-23 14:19:58--  https://mirror.yandex.ru/ubuntu/ls-lR.gz
	Resolving mirror.yandex.ru (mirror.yandex.ru)... 213.180.204.183
	Connecting to mirror.yandex.ru (mirror.yandex.ru)|213.180.204.183|:443... connected.
	WARNING: cannot verify mirror.yandex.ru's certificate, issued by ‘ST=Moscow,OU=TechDep,O=ZAO InfoWatch,C=RU,CN=InfoWatch Transparent Proxy Root’:
	  Unable to locally verify the issuer's authority.
	HTTP request sent, awaiting response... 200 OK
	Length: 22560945 (22M) [application/octet-stream]
	Saving to: ‘/tmp/new/test.gz’

	/tmp/new/test.gz                                            100%[========================================================================================================================================>]  21.52M  8.87MB/s    in 2.4s

	2021-11-23 14:20:01 (8.87 MB/s) - ‘/tmp/new/test.gz’ saved [22560945/22560945]

	```
1. Прикрепите вывод `lsblk`.
	```
	root@vagrant:~# lsblk
	NAME                      MAJ:MIN RM  SIZE RO TYPE  MOUNTPOINT
	sda                         8:0    0   64G  0 disk
	├─sda1                      8:1    0  512M  0 part  /boot/efi
	├─sda2                      8:2    0    1K  0 part
	└─sda5                      8:5    0 63.5G  0 part
	  ├─vgvagrant-root        253:0    0 62.6G  0 lvm   /
	  └─vgvagrant-swap_1      253:1    0  980M  0 lvm   [SWAP]
	sdb                         8:16   0  2.5G  0 disk
	├─sdb1                      8:17   0    2G  0 part
	│ └─md0                     9:0    0    2G  0 raid1
	└─sdb2                      8:18   0  511M  0 part
	  └─md1                     9:1    0 1018M  0 raid0
		└─VG_netologi-LV_test 253:2    0  100M  0 lvm   /tmp/new
	sdc                         8:32   0  2.5G  0 disk
	├─sdc1                      8:33   0    2G  0 part
	│ └─md0                     9:0    0    2G  0 raid1
	└─sdc2                      8:34   0  511M  0 part
	  └─md1                     9:1    0 1018M  0 raid0
		└─VG_netologi-LV_test 253:2    0  100M  0 lvm   /tmp/new

	```
1. Протестируйте целостность файла:

    ```bash
    root@vagrant:~# gzip -t /tmp/new/test.gz
    root@vagrant:~# echo $?
    0
    ```
	*Тест ОК*

1. Используя pvmove, переместите содержимое PV с RAID0 на RAID1.
	```
	root@vagrant:~#  pvmove /dev/md1 -n LV_test /dev/md0
	  /dev/md1: Moved: 12.00%
	  /dev/md1: Moved: 100.00%

	```

1. Сделайте `--fail` на устройство в вашем RAID1 md.
	```
	root@vagrant:~# mdadm /dev/md0 --fail /dev/sdb1
	mdadm: set /dev/sdb1 faulty in /dev/md0
	```

1. Подтвердите выводом `dmesg`, что RAID1 работает в деградированном состоянии.
	```
	[Tue Nov 23 14:40:35 2021] md/raid1:md0: Disk failure on sdb1, disabling device.
							   md/raid1:md0: Operation continuing on 1 devices.

	```

1. Протестируйте целостность файла, несмотря на "сбойный" диск он должен продолжать быть доступен:

    ```bash
    root@vagrant:~# gzip -t /tmp/new/test.gz
    root@vagrant:~# echo $?
    0
    ```
	*Тест ОК*

1. Погасите тестовый хост, `vagrant destroy`.

	*Ок*

